#-----------------------------------------------------------
# Vivado v2026.1 (64-bit)
# SW Build 6511674 on Tue Jun 16 11:02:23 MDT 2026
# IP Build 6504888 on Tue Jun 09 09:05:25 MDT 2026
# SharedData Build 6501428 on Mon Jun 08 17:34:18 MDT 2026
# Start of session at: Wed Sep  9 01:02:21 2026
# Process ID         : 5068
# Current directory  : C:/Users/dev/University/Third_Year/ENEL453/Labs/lab1a/lab1a.runs/synth_1
# Command line       : vivado.exe -log lab_1a_top_level.vds -product Vivado -mode batch -messageDb vivado.pb -notrace -source lab_1a_top_level.tcl
# Log file           : C:/Users/dev/University/Third_Year/ENEL453/Labs/lab1a/lab1a.runs/synth_1/lab_1a_top_level.vds
# Journal file       : C:/Users/dev/University/Third_Year/ENEL453/Labs/lab1a/lab1a.runs/synth_1\vivado.jou
# Running On         : DESKTOP-627VNNV
# Platform           : Windows 11
# Operating System   : 26200
# Processor Detail   : AMD Ryzen 9 7900X 12-Core Processor            
# CPU Frequency      : 4691 MHz
# CPU Physical cores : 12
# CPU Logical cores  : 24
# Host memory        : 67817 MB
# Swap memory        : 4294 MB
# Total Virtual      : 72112 MB
# Available Virtual  : 38473 MB
#-----------------------------------------------------------
source lab_1a_top_level.tcl -notrace
